-- PROOF Lvl.le_refl
  cases a <;> rfl
-- PROOF Lvl.le_trans
  cases a <;> cases b <;> cases c <;> simp_all [Lvl.le]
-- PROOF sub_base_inv
  have key : ∀ {t z : Ty}, SubTy t z → ∀ bb, z = .base bb →
      ∃ a, t = .base a ∧ a.le bb = true := by
    intro t z h
    induction h with
    | refl u => intro bb hbb; exact ⟨bb, hbb, Lvl.le_refl bb⟩
    | base hle => intro bb hbb; subst hbb; exact ⟨_, rfl, hle⟩
    | cmd _ _ => intro bb hbb; cases hbb
    | ncmd _ => intro bb hbb; cases hbb
    | ncmdCmd => intro bb hbb; cases hbb
    | funcNcmd => intro bb hbb; cases hbb
    | func _ _ => intro bb hbb; cases hbb
    | trans h1 h2 ih1 ih2 =>
        intro bb hbb
        obtain ⟨a, hya, hab⟩ := ih2 bb hbb
        obtain ⟨a', hxa', hab'⟩ := ih1 a hya
        exact ⟨a', hxa', Lvl.le_trans hab' hab⟩
  exact key h b rfl
-- PROOF tyE_binop_L
  have key : ∀ {t : Ty}, TyE G sg (.binop a b) t → ∀ bb, t = .base bb →
      ∃ lv, lv.le bb = true ∧ TyE G sg a (.base lv) ∧ TyE G sg b (.base lv) := by
    intro t h
    induction h with
    | binop h1 h2 => intro bb hbb; cases hbb; exact ⟨bb, Lvl.le_refl bb, h1, h2⟩
    | sub h1 hsub ih =>
        intro bb hbb
        subst hbb
        obtain ⟨lv0, ht0, hle⟩ := sub_base_inv hsub
        obtain ⟨lv, hlvle, hA, hB⟩ := ih lv0 ht0
        exact ⟨lv, Lvl.le_trans hlvle hle, hA, hB⟩
  obtain ⟨lv, hlvle, hA, hB⟩ := key h .L rfl
  cases lv with
  | L => exact ⟨hA, hB⟩
  | H => simp [Lvl.le] at hlvle
