-- PROOF lem_fcb6
  induction y with
  | stem => rfl
  | brim k ih => simp [weave, clasp, ih]
-- PROOF lem_0095
  induction z with
  | stem => simp [clasp]
  | brim k ih => simp [clasp, ih]
-- PROOF lem_2fc1
  induction y with
  | stem => rfl
  | brim k ih => simp [clasp, ih]
-- PROOF lem_cc32
  induction y with
  | stem => rfl
  | brim k ih => simp [clasp, ih]
-- PROOF lem_aa90
  induction y with
  | stem => simp [clasp, lem_2fc1]
  | brim k ih => simp [clasp, ih, lem_cc32]
-- PROOF lem_a681
  rw [← lem_0095, lem_aa90 x y, lem_0095]
-- PROOF lem_61d3
  induction y with
  | stem => simp [weave, clasp]
  | brim k ih => simp [weave, clasp, ih, lem_0095, lem_aa90]
-- PROOF lem_7a2b
  induction y with
  | stem => simp [weave, lem_fcb6]
  | brim k ih => simp [weave, ih, lem_61d3]
